Archive member included because of file (symbol)

d:/program files (x86)/atmel/atmel toolchain/avr8 gcc/native/3.4.1056/avr8-gnu-toolchain/bin/../lib/gcc/avr/4.8.1/avr4\libgcc.a(_exit.o)
                              d:/program files (x86)/atmel/atmel toolchain/avr8 gcc/native/3.4.1056/avr8-gnu-toolchain/bin/../lib/gcc/avr/4.8.1/../../../../avr/lib/avr4/crtm88.o (exit)
d:/program files (x86)/atmel/atmel toolchain/avr8 gcc/native/3.4.1056/avr8-gnu-toolchain/bin/../lib/gcc/avr/4.8.1/avr4\libgcc.a(_clear_bss.o)
                              BlinkLedOnUsartDemand.o (__do_clear_bss)

Allocating common symbols
Common symbol       size              file

usart_tx_bufor      0x20              BlinkLedOnUsartDemand.o
usart_rx_bufor_ind  0x2               BlinkLedOnUsartDemand.o
usart_tx_bufor_ind  0x2               BlinkLedOnUsartDemand.o
usart_rx_bufor      0x20              BlinkLedOnUsartDemand.o

Discarded input sections

 .bss           0x00000000        0x0 d:/program files (x86)/atmel/atmel toolchain/avr8 gcc/native/3.4.1056/avr8-gnu-toolchain/bin/../lib/gcc/avr/4.8.1/../../../../avr/lib/avr4/crtm88.o
 .text          0x00000000        0x0 BlinkLedOnUsartDemand.o
 .bss           0x00000000        0x0 BlinkLedOnUsartDemand.o
 .text          0x00000000        0x0 MyBus/MyBus.o
 .bss           0x00000000        0x0 MyBus/MyBus.o
 .text.clear_tx_buffer
                0x00000000       0x12 MyBus/MyBus.o
 .text.cp_to_buffer
                0x00000000       0x10 MyBus/MyBus.o
 .text.send_text
                0x00000000       0x24 MyBus/MyBus.o
 .text.reset_timer0
                0x00000000        0x4 MyBus/MyBus.o
 .text          0x00000000        0x0 USART/USART.o
 .bss           0x00000000        0x0 USART/USART.o
 .text          0x00000000        0x0 d:/program files (x86)/atmel/atmel toolchain/avr8 gcc/native/3.4.1056/avr8-gnu-toolchain/bin/../lib/gcc/avr/4.8.1/avr4\libgcc.a(_exit.o)
 .bss           0x00000000        0x0 d:/program files (x86)/atmel/atmel toolchain/avr8 gcc/native/3.4.1056/avr8-gnu-toolchain/bin/../lib/gcc/avr/4.8.1/avr4\libgcc.a(_exit.o)
 .text.libgcc.mul
                0x00000000        0x0 d:/program files (x86)/atmel/atmel toolchain/avr8 gcc/native/3.4.1056/avr8-gnu-toolchain/bin/../lib/gcc/avr/4.8.1/avr4\libgcc.a(_exit.o)
 .text.libgcc.div
                0x00000000        0x0 d:/program files (x86)/atmel/atmel toolchain/avr8 gcc/native/3.4.1056/avr8-gnu-toolchain/bin/../lib/gcc/avr/4.8.1/avr4\libgcc.a(_exit.o)
 .text.libgcc   0x00000000        0x0 d:/program files (x86)/atmel/atmel toolchain/avr8 gcc/native/3.4.1056/avr8-gnu-toolchain/bin/../lib/gcc/avr/4.8.1/avr4\libgcc.a(_exit.o)
 .text.libgcc.prologue
                0x00000000        0x0 d:/program files (x86)/atmel/atmel toolchain/avr8 gcc/native/3.4.1056/avr8-gnu-toolchain/bin/../lib/gcc/avr/4.8.1/avr4\libgcc.a(_exit.o)
 .text.libgcc.builtins
                0x00000000        0x0 d:/program files (x86)/atmel/atmel toolchain/avr8 gcc/native/3.4.1056/avr8-gnu-toolchain/bin/../lib/gcc/avr/4.8.1/avr4\libgcc.a(_exit.o)
 .text.libgcc.fmul
                0x00000000        0x0 d:/program files (x86)/atmel/atmel toolchain/avr8 gcc/native/3.4.1056/avr8-gnu-toolchain/bin/../lib/gcc/avr/4.8.1/avr4\libgcc.a(_exit.o)
 .text.libgcc.fixed
                0x00000000        0x0 d:/program files (x86)/atmel/atmel toolchain/avr8 gcc/native/3.4.1056/avr8-gnu-toolchain/bin/../lib/gcc/avr/4.8.1/avr4\libgcc.a(_exit.o)
 .text          0x00000000        0x0 d:/program files (x86)/atmel/atmel toolchain/avr8 gcc/native/3.4.1056/avr8-gnu-toolchain/bin/../lib/gcc/avr/4.8.1/avr4\libgcc.a(_clear_bss.o)
 .bss           0x00000000        0x0 d:/program files (x86)/atmel/atmel toolchain/avr8 gcc/native/3.4.1056/avr8-gnu-toolchain/bin/../lib/gcc/avr/4.8.1/avr4\libgcc.a(_clear_bss.o)
 .text.libgcc.mul
                0x00000000        0x0 d:/program files (x86)/atmel/atmel toolchain/avr8 gcc/native/3.4.1056/avr8-gnu-toolchain/bin/../lib/gcc/avr/4.8.1/avr4\libgcc.a(_clear_bss.o)
 .text.libgcc.div
                0x00000000        0x0 d:/program files (x86)/atmel/atmel toolchain/avr8 gcc/native/3.4.1056/avr8-gnu-toolchain/bin/../lib/gcc/avr/4.8.1/avr4\libgcc.a(_clear_bss.o)
 .text.libgcc   0x00000000        0x0 d:/program files (x86)/atmel/atmel toolchain/avr8 gcc/native/3.4.1056/avr8-gnu-toolchain/bin/../lib/gcc/avr/4.8.1/avr4\libgcc.a(_clear_bss.o)
 .text.libgcc.prologue
                0x00000000        0x0 d:/program files (x86)/atmel/atmel toolchain/avr8 gcc/native/3.4.1056/avr8-gnu-toolchain/bin/../lib/gcc/avr/4.8.1/avr4\libgcc.a(_clear_bss.o)
 .text.libgcc.builtins
                0x00000000        0x0 d:/program files (x86)/atmel/atmel toolchain/avr8 gcc/native/3.4.1056/avr8-gnu-toolchain/bin/../lib/gcc/avr/4.8.1/avr4\libgcc.a(_clear_bss.o)
 .text.libgcc.fmul
                0x00000000        0x0 d:/program files (x86)/atmel/atmel toolchain/avr8 gcc/native/3.4.1056/avr8-gnu-toolchain/bin/../lib/gcc/avr/4.8.1/avr4\libgcc.a(_clear_bss.o)
 .text.libgcc.fixed
                0x00000000        0x0 d:/program files (x86)/atmel/atmel toolchain/avr8 gcc/native/3.4.1056/avr8-gnu-toolchain/bin/../lib/gcc/avr/4.8.1/avr4\libgcc.a(_clear_bss.o)

Memory Configuration

Name             Origin             Length             Attributes
text             0x00000000         0x00002000         xr
data             0x00800060         0x0000ffa0         rw !x
eeprom           0x00810000         0x00010000         rw !x
fuse             0x00820000         0x00000400         rw !x
lock             0x00830000         0x00000400         rw !x
signature        0x00840000         0x00000400         rw !x
user_signatures  0x00850000         0x00000400         rw !x
*default*        0x00000000         0xffffffff

Linker script and memory map

Address of section .data set to 0x800100
LOAD d:/program files (x86)/atmel/atmel toolchain/avr8 gcc/native/3.4.1056/avr8-gnu-toolchain/bin/../lib/gcc/avr/4.8.1/../../../../avr/lib/avr4/crtm88.o
LOAD BlinkLedOnUsartDemand.o
LOAD MyBus/MyBus.o
LOAD USART/USART.o
START GROUP
LOAD d:/program files (x86)/atmel/atmel toolchain/avr8 gcc/native/3.4.1056/avr8-gnu-toolchain/bin/../lib/gcc/avr/4.8.1/../../../../avr/lib/avr4\libm.a
END GROUP
START GROUP
LOAD d:/program files (x86)/atmel/atmel toolchain/avr8 gcc/native/3.4.1056/avr8-gnu-toolchain/bin/../lib/gcc/avr/4.8.1/avr4\libgcc.a
LOAD d:/program files (x86)/atmel/atmel toolchain/avr8 gcc/native/3.4.1056/avr8-gnu-toolchain/bin/../lib/gcc/avr/4.8.1/../../../../avr/lib/avr4\libm.a
LOAD d:/program files (x86)/atmel/atmel toolchain/avr8 gcc/native/3.4.1056/avr8-gnu-toolchain/bin/../lib/gcc/avr/4.8.1/../../../../avr/lib/avr4\libc.a
END GROUP

.hash
 *(.hash)

.dynsym
 *(.dynsym)

.dynstr
 *(.dynstr)

.gnu.version
 *(.gnu.version)

.gnu.version_d
 *(.gnu.version_d)

.gnu.version_r
 *(.gnu.version_r)

.rel.init
 *(.rel.init)

.rela.init
 *(.rela.init)

.rel.text
 *(.rel.text)
 *(.rel.text.*)
 *(.rel.gnu.linkonce.t*)

.rela.text
 *(.rela.text)
 *(.rela.text.*)
 *(.rela.gnu.linkonce.t*)

.rel.fini
 *(.rel.fini)

.rela.fini
 *(.rela.fini)

.rel.rodata
 *(.rel.rodata)
 *(.rel.rodata.*)
 *(.rel.gnu.linkonce.r*)

.rela.rodata
 *(.rela.rodata)
 *(.rela.rodata.*)
 *(.rela.gnu.linkonce.r*)

.rel.data
 *(.rel.data)
 *(.rel.data.*)
 *(.rel.gnu.linkonce.d*)

.rela.data
 *(.rela.data)
 *(.rela.data.*)
 *(.rela.gnu.linkonce.d*)

.rel.ctors
 *(.rel.ctors)

.rela.ctors
 *(.rela.ctors)

.rel.dtors
 *(.rel.dtors)

.rela.dtors
 *(.rela.dtors)

.rel.got
 *(.rel.got)

.rela.got
 *(.rela.got)

.rel.bss
 *(.rel.bss)

.rela.bss
 *(.rela.bss)

.rel.plt
 *(.rel.plt)

.rela.plt
 *(.rela.plt)

.text           0x00000000      0x3a0
 *(.vectors)
 .vectors       0x00000000       0x34 d:/program files (x86)/atmel/atmel toolchain/avr8 gcc/native/3.4.1056/avr8-gnu-toolchain/bin/../lib/gcc/avr/4.8.1/../../../../avr/lib/avr4/crtm88.o
                0x00000000                __vector_default
                0x00000000                __vectors
 *(.vectors)
 *(.progmem.gcc*)
                0x00000034                . = ALIGN (0x2)
                0x00000034                __trampolines_start = .
 *(.trampolines)
 .trampolines   0x00000034        0x0 linker stubs
 *(.trampolines*)
                0x00000034                __trampolines_end = .
 *(.progmem*)
                0x00000034                . = ALIGN (0x2)
 *(.jumptables)
 *(.jumptables*)
 *(.lowtext)
 *(.lowtext*)
                0x00000034                __ctors_start = .
 *(.ctors)
                0x00000034                __ctors_end = .
                0x00000034                __dtors_start = .
 *(.dtors)
                0x00000034                __dtors_end = .
 SORT(*)(.ctors)
 SORT(*)(.dtors)
 *(.init0)
 .init0         0x00000034        0x0 d:/program files (x86)/atmel/atmel toolchain/avr8 gcc/native/3.4.1056/avr8-gnu-toolchain/bin/../lib/gcc/avr/4.8.1/../../../../avr/lib/avr4/crtm88.o
                0x00000034                __init
 *(.init0)
 *(.init1)
 *(.init1)
 *(.init2)
 .init2         0x00000034        0xc d:/program files (x86)/atmel/atmel toolchain/avr8 gcc/native/3.4.1056/avr8-gnu-toolchain/bin/../lib/gcc/avr/4.8.1/../../../../avr/lib/avr4/crtm88.o
 *(.init2)
 *(.init3)
 *(.init3)
 *(.init4)
 .init4         0x00000040       0x10 d:/program files (x86)/atmel/atmel toolchain/avr8 gcc/native/3.4.1056/avr8-gnu-toolchain/bin/../lib/gcc/avr/4.8.1/avr4\libgcc.a(_clear_bss.o)
                0x00000040                __do_clear_bss
 *(.init4)
 *(.init5)
 *(.init5)
 *(.init6)
 *(.init6)
 *(.init7)
 *(.init7)
 *(.init8)
 *(.init8)
 *(.init9)
 .init9         0x00000050        0x4 d:/program files (x86)/atmel/atmel toolchain/avr8 gcc/native/3.4.1056/avr8-gnu-toolchain/bin/../lib/gcc/avr/4.8.1/../../../../avr/lib/avr4/crtm88.o
 *(.init9)
 *(.text)
 .text          0x00000054        0x2 d:/program files (x86)/atmel/atmel toolchain/avr8 gcc/native/3.4.1056/avr8-gnu-toolchain/bin/../lib/gcc/avr/4.8.1/../../../../avr/lib/avr4/crtm88.o
                0x00000054                __vector_22
                0x00000054                __vector_1
                0x00000054                __vector_24
                0x00000054                __vector_12
                0x00000054                __bad_interrupt
                0x00000054                __vector_6
                0x00000054                __vector_3
                0x00000054                __vector_23
                0x00000054                __vector_25
                0x00000054                __vector_11
                0x00000054                __vector_13
                0x00000054                __vector_17
                0x00000054                __vector_7
                0x00000054                __vector_5
                0x00000054                __vector_4
                0x00000054                __vector_9
                0x00000054                __vector_2
                0x00000054                __vector_21
                0x00000054                __vector_15
                0x00000054                __vector_8
                0x00000054                __vector_10
                0x00000054                __vector_16
                0x00000054                __vector_20
                0x00000056                . = ALIGN (0x2)
 *(.text.*)
 .text.main     0x00000056       0xcc BlinkLedOnUsartDemand.o
                0x00000056                main
 .text.crc      0x00000122       0x1e MyBus/MyBus.o
                0x00000122                crc
 .text.usart_inicjuj
                0x00000140       0x22 MyBus/MyBus.o
                0x00000140                usart_inicjuj
 .text.can_send
                0x00000162       0x1a MyBus/MyBus.o
                0x00000162                can_send
 .text.__vector_19
                0x0000017c       0x84 MyBus/MyBus.o
                0x0000017c                __vector_19
 .text.send_buffer
                0x00000200       0x10 MyBus/MyBus.o
                0x00000200                send_buffer
 .text.send_data
                0x00000210       0x3e MyBus/MyBus.o
                0x00000210                send_data
 .text.init_timer0
                0x0000024e       0x16 MyBus/MyBus.o
                0x0000024e                init_timer0
 .text.init_my_buss
                0x00000264        0x6 MyBus/MyBus.o
                0x00000264                init_my_buss
 .text.enable_timer0
                0x0000026a        0x8 MyBus/MyBus.o
                0x0000026a                enable_timer0
 .text.disable_timer0
                0x00000272        0x8 MyBus/MyBus.o
                0x00000272                disable_timer0
 .text.__vector_18
                0x0000027a       0xd0 MyBus/MyBus.o
                0x0000027a                __vector_18
 .text.__vector_14
                0x0000034a       0x52 MyBus/MyBus.o
                0x0000034a                __vector_14
                0x0000039c                . = ALIGN (0x2)
 *(.fini9)
 .fini9         0x0000039c        0x0 d:/program files (x86)/atmel/atmel toolchain/avr8 gcc/native/3.4.1056/avr8-gnu-toolchain/bin/../lib/gcc/avr/4.8.1/avr4\libgcc.a(_exit.o)
                0x0000039c                _exit
                0x0000039c                exit
 *(.fini9)
 *(.fini8)
 *(.fini8)
 *(.fini7)
 *(.fini7)
 *(.fini6)
 *(.fini6)
 *(.fini5)
 *(.fini5)
 *(.fini4)
 *(.fini4)
 *(.fini3)
 *(.fini3)
 *(.fini2)
 *(.fini2)
 *(.fini1)
 *(.fini1)
 *(.fini0)
 .fini0         0x0000039c        0x4 d:/program files (x86)/atmel/atmel toolchain/avr8 gcc/native/3.4.1056/avr8-gnu-toolchain/bin/../lib/gcc/avr/4.8.1/avr4\libgcc.a(_exit.o)
 *(.fini0)
                0x000003a0                _etext = .

.data           0x00800100        0x0 load address 0x000003a0
                0x00800100                PROVIDE (__data_start, .)
 *(.data)
 .data          0x00800100        0x0 d:/program files (x86)/atmel/atmel toolchain/avr8 gcc/native/3.4.1056/avr8-gnu-toolchain/bin/../lib/gcc/avr/4.8.1/../../../../avr/lib/avr4/crtm88.o
 .data          0x00800100        0x0 BlinkLedOnUsartDemand.o
 .data          0x00800100        0x0 MyBus/MyBus.o
 .data          0x00800100        0x0 USART/USART.o
 .data          0x00800100        0x0 d:/program files (x86)/atmel/atmel toolchain/avr8 gcc/native/3.4.1056/avr8-gnu-toolchain/bin/../lib/gcc/avr/4.8.1/avr4\libgcc.a(_exit.o)
 .data          0x00800100        0x0 d:/program files (x86)/atmel/atmel toolchain/avr8 gcc/native/3.4.1056/avr8-gnu-toolchain/bin/../lib/gcc/avr/4.8.1/avr4\libgcc.a(_clear_bss.o)
 *(.data*)
 *(.rodata)
 *(.rodata*)
 *(.gnu.linkonce.d*)
                0x00800100                . = ALIGN (0x2)
                0x00800100                _edata = .
                0x00800100                PROVIDE (__data_end, .)

.bss            0x00800100       0x46
                0x00800100                PROVIDE (__bss_start, .)
 *(.bss)
 *(.bss*)
 .bss.recive_counter
                0x00800100        0x1 MyBus/MyBus.o
                0x00800100                recive_counter
 .bss.data_to_send
                0x00800101        0x1 MyBus/MyBus.o
                0x00800101                data_to_send
 *(COMMON)
 COMMON         0x00800102       0x44 BlinkLedOnUsartDemand.o
                0x00800102                usart_tx_bufor
                0x00800122                usart_rx_bufor_ind
                0x00800124                usart_tx_bufor_ind
                0x00800126                usart_rx_bufor
                0x00800146                PROVIDE (__bss_end, .)
                0x000003a0                __data_load_start = LOADADDR (.data)
                0x000003a0                __data_load_end = (__data_load_start + SIZEOF (.data))

.noinit         0x00800146        0x0
                0x00800146                PROVIDE (__noinit_start, .)
 *(.noinit*)
                0x00800146                PROVIDE (__noinit_end, .)
                0x00800146                _end = .
                0x00800146                PROVIDE (__heap_start, .)

.eeprom         0x00810000        0x0
 *(.eeprom*)
                0x00810000                __eeprom_end = .

.fuse
 *(.fuse)
 *(.lfuse)
 *(.hfuse)
 *(.efuse)

.lock
 *(.lock*)

.signature
 *(.signature*)

.user_signatures
 *(.user_signatures*)

.stab
 *(.stab)

.stabstr
 *(.stabstr)

.stab.excl
 *(.stab.excl)

.stab.exclstr
 *(.stab.exclstr)

.stab.index
 *(.stab.index)

.stab.indexstr
 *(.stab.indexstr)

.comment        0x00000000       0x30
 *(.comment)
 .comment       0x00000000       0x30 BlinkLedOnUsartDemand.o
                                 0x31 (size before relaxing)
 .comment       0x00000000       0x31 MyBus/MyBus.o
 .comment       0x00000000       0x31 USART/USART.o

.note.gnu.build-id
 *(.note.gnu.build-id)

.debug
 *(.debug)

.line
 *(.line)

.debug_srcinfo
 *(.debug_srcinfo)

.debug_sfnames
 *(.debug_sfnames)

.debug_aranges  0x00000000       0xb8
 *(.debug_aranges)
 .debug_aranges
                0x00000000       0x20 BlinkLedOnUsartDemand.o
 .debug_aranges
                0x00000020       0x98 MyBus/MyBus.o

.debug_pubnames
 *(.debug_pubnames)

.debug_info     0x00000000      0x5ef
 *(.debug_info .gnu.linkonce.wi.*)
 .debug_info    0x00000000      0x192 BlinkLedOnUsartDemand.o
 .debug_info    0x00000192      0x45d MyBus/MyBus.o

.debug_abbrev   0x00000000      0x2e3
 *(.debug_abbrev)
 .debug_abbrev  0x00000000       0xf5 BlinkLedOnUsartDemand.o
 .debug_abbrev  0x000000f5      0x1ee MyBus/MyBus.o

.debug_line     0x00000000      0x30b
 *(.debug_line .debug_line.* .debug_line_end)
 .debug_line    0x00000000       0xee BlinkLedOnUsartDemand.o
 .debug_line    0x000000ee      0x21d MyBus/MyBus.o
 .debug_line    0x0000030b        0x0 USART/USART.o

.debug_frame    0x00000000      0x210
 *(.debug_frame)
 .debug_frame   0x00000000       0x24 BlinkLedOnUsartDemand.o
 .debug_frame   0x00000024      0x1ec MyBus/MyBus.o

.debug_str      0x00000000      0x296
 *(.debug_str)
 .debug_str     0x00000000      0x1b1 BlinkLedOnUsartDemand.o
                                0x1ea (size before relaxing)
 .debug_str     0x000001b1       0xe5 MyBus/MyBus.o
                                0x2ad (size before relaxing)
 .debug_str     0x00000296        0x0 USART/USART.o

.debug_loc      0x00000000      0x4fb
 *(.debug_loc)
 .debug_loc     0x00000000      0x4fb MyBus/MyBus.o

.debug_macinfo
 *(.debug_macinfo)

.debug_weaknames
 *(.debug_weaknames)

.debug_funcnames
 *(.debug_funcnames)

.debug_typenames
 *(.debug_typenames)

.debug_varnames
 *(.debug_varnames)

.debug_pubtypes
 *(.debug_pubtypes)

.debug_ranges   0x00000000       0xb0
 *(.debug_ranges)
 .debug_ranges  0x00000000       0x10 BlinkLedOnUsartDemand.o
 .debug_ranges  0x00000010       0xa0 MyBus/MyBus.o

.debug_macro
 *(.debug_macro)
OUTPUT(BlinkLedOnUsartDemand.elf elf32-avr)
LOAD linker stubs
